// Jest Snapshot v1, https://goo.gl/fbAQLP

exports[`LinkButton.vue template snapshot 1`] = `
<a
  class="button--blue"
>
  
  ButtonName

</a>
`;
