// Jest Snapshot v1, https://goo.gl/fbAQLP

exports[`Menu.vue template snapshot 1`] = `
<div
  class="menu"
>
  <div
    class="menu-item menu-item"
  >
    <a
      class="menu-item-label"
    >
      
    About
  
    </a>
  </div>
  <div
    class="menu-item menu-item"
  >
    <a
      class="menu-item-label"
    >
      
    Work
  
    </a>
  </div>
</div>
`;
