// Jest Snapshot v1, https://goo.gl/fbAQLP

exports[`SiteTitle.vue template snapshot 1`] = `
<div
  class="site-title"
>
  
  Site Title

</div>
`;
